\BOOKMARK [1][]{section.1}{\376\377\000I\000n\000t\000r\000o\000d\000u\000c\000t\000i\000o\000n}{}% 1
\BOOKMARK [1][]{section*.50}{\376\377\000A\000\040\000N\000u\000m\000e\000r\000i\000c\000a\000l\000\040\000E\000x\000p\000e\000r\000i\000m\000e\000n\000t\000\040\000t\000o\000\040\000D\000e\000t\000e\000r\000m\000i\000n\000e\000\040\000t\000h\000e\000\040\000E\000f\000f\000e\000c\000t\000i\000v\000e\000\040\000T\000o\000u\000g\000h\000n\000e\000s\000s\000E\000f\000f\000e\000c\000t\000i\000v\000e\000\040\000C\000r\000a\000c\000k\000\040\000R\000e\000s\000i\000s\000t\000a\000n\000c\000e\000\040\000o\000f\000\040\000M\000a\000t\000e\000r\000i\000a\000l\000s\000\040\000w\000i\000t\000h\000\040\000C\000o\000m\000p\000l\000e\000x\000\040\000M\000i\000c\000r\000o\000s\000t\000r\000u\000c\000t\000u\000r\000e}{}% 2
\BOOKMARK [1][]{section*.88}{\376\377\000A\000\040\000p\000h\000a\000s\000e\000\040\000f\000i\000e\000l\000d\000\040\000m\000o\000d\000e\000l\000\040\000o\000f\000\040\000d\000u\000c\000t\000i\000l\000e\000\040\000f\000r\000a\000c\000t\000u\000r\000e\000S\000i\000m\000u\000l\000a\000t\000i\000o\000n\000\040\000o\000f\000\040\000f\000r\000a\000c\000t\000u\000r\000e\000\040\000w\000i\000t\000h\000\040\000p\000h\000a\000s\000e\000\040\000f\000i\000e\000l\000d\000\040\000m\000o\000d\000e\000l\000s}{}% 3
\BOOKMARK [2][]{section*.90}{\376\377\000A\000\040\000p\000h\000a\000s\000e\000\040\000f\000i\000e\000l\000d\000\040\000m\000o\000d\000e\000l\000\040\000o\000f\000\040\000d\000u\000c\000t\000i\000l\000e\000\040\000f\000r\000a\000c\000t\000u\000r\000e}{section*.88}% 4
\BOOKMARK [2][]{subsection.3.2}{\376\377\000A\000\040\000p\000h\000a\000s\000e\000\040\000f\000i\000e\000l\000d\000\040\000m\000o\000d\000e\000l\000\040\000f\000o\000r\000\040\000b\000r\000i\000t\000t\000l\000e\000\040\000f\000r\000a\000c\000t\000u\000r\000e}{section*.88}% 5
\BOOKMARK [2][]{subsection.3.3}{\376\377\000N\000u\000m\000e\000r\000i\000c\000a\000l\000\040\000i\000m\000p\000l\000e\000m\000e\000n\000t\000a\000t\000i\000o\000n}{section*.88}% 6
\BOOKMARK [2][]{subsection.3.4}{\376\377\000P\000a\000r\000a\000m\000e\000t\000e\000r\000\040\000s\000e\000t\000s}{section*.88}% 7
\BOOKMARK [2][]{subsection.3.5}{\376\377\000R\000e\000l\000a\000t\000i\000o\000n\000\040\000t\000o\000\040\000a\000n\000\040\000E\000n\000e\000r\000g\000e\000t\000i\000c\000\040\000F\000r\000a\000c\000t\000u\000r\000e\000\040\000C\000r\000i\000t\000e\000r\000i\000o\000n}{section*.88}% 8
\BOOKMARK [2][]{subsection.3.6}{\376\377\000S\000t\000r\000e\000s\000s\000\040\000d\000r\000i\000v\000e\000n\000\040\000c\000r\000a\000c\000k\000\040\000n\000u\000c\000l\000e\000a\000t\000i\000o\000n}{section*.88}% 9
\BOOKMARK [1][]{section*.132}{\376\377\000E\000f\000f\000e\000c\000t\000i\000v\000e\000\040\000T\000o\000u\000g\000h\000n\000e\000s\000s\000E\000f\000f\000e\000c\000t\000i\000v\000e\000\040\000C\000r\000a\000c\000k\000\040\000R\000e\000s\000i\000s\000t\000a\000n\000c\000e\000\040\000o\000f\000\040\000a\000\040\000S\000i\000m\000p\000l\000i\000f\000i\000e\000d\000\040\0002\000D\000T\000w\000o\000-\000D\000i\000m\000e\000n\000s\000i\000o\000n\000a\000l\000\040\000P\000o\000r\000o\000u\000s\000\040\000M\000a\000t\000e\000r\000i\000a\000l}{}% 10
\BOOKMARK [2][]{section*.133}{\376\377\000E\000q\000u\000i\000v\000a\000l\000e\000n\000t\000\040\000E\000l\000a\000s\000t\000i\000c\000\040\000M\000e\000d\000i\000u\000m\000\040\000a\000n\000d\000\040\000S\000i\000m\000u\000l\000a\000t\000i\000o\000n\000\040\000D\000o\000m\000a\000i\000n}{section*.132}% 11
\BOOKMARK [2][]{section*.145}{\376\377\000F\000r\000a\000c\000t\000u\000r\000e\000\040\000B\000e\000h\000a\000v\000i\000o\000r\000\040\000a\000n\000d\000\040\000E\000f\000f\000e\000c\000t\000i\000v\000e\000\040\000C\000r\000a\000c\000k\000\040\000R\000e\000s\000i\000s\000t\000a\000n\000c\000e}{section*.132}% 12
\BOOKMARK [1][]{section*.180}{\376\377\000E\000f\000f\000e\000c\000t\000i\000v\000e\000\040\000T\000o\000u\000g\000h\000n\000e\000s\000s\000E\000f\000f\000e\000c\000t\000i\000v\000e\000\040\000C\000r\000a\000c\000k\000\040\000R\000e\000s\000i\000s\000t\000a\000n\000c\000e\000\040\000o\000f\000\040\000a\000\040\000S\000i\000m\000p\000l\000i\000f\000i\000e\000d\000\040\0003\000D\000T\000h\000r\000e\000e\000-\000D\000i\000m\000e\000n\000s\000i\000o\000n\000a\000l\000\040\000P\000o\000r\000o\000u\000s\000\040\000M\000a\000t\000e\000r\000i\000a\000l}{}% 13
\BOOKMARK [2][]{section*.181}{\376\377\000T\000h\000r\000e\000e\000-\000D\000i\000m\000e\000n\000s\000i\000o\000n\000a\000l\000\040\000M\000o\000d\000e\000l\000\040\000a\000n\000d\000\040\000E\000q\000u\000i\000v\000a\000l\000e\000n\000t\000\040\000E\000l\000a\000s\000t\000i\000c\000\040\000M\000e\000d\000i\000u\000m}{section*.180}% 14
\BOOKMARK [2][]{section*.193}{\376\377\000F\000r\000a\000c\000t\000u\000r\000e\000\040\000B\000e\000h\000a\000v\000i\000o\000r\000\040\000a\000n\000d\000\040\000C\000o\000m\000p\000a\000r\000i\000s\000o\000n\000\040\000w\000i\000t\000h\000\040\000t\000h\000e\000\040\000T\000w\000o\000-\000D\000i\000m\000e\000n\000s\000i\000o\000n\000a\000l\000\040\000M\000o\000d\000e\000l}{section*.180}% 15
\BOOKMARK [1][]{section.6}{\376\377\000C\000o\000n\000c\000l\000u\000s\000i\000o\000n\000\040\000a\000n\000d\000\040\000O\000u\000t\000l\000o\000o\000k}{}% 16
\BOOKMARK [2][]{section*.234}{\376\377\000A\000c\000k\000n\000o\000w\000l\000e\000d\000g\000e\000m\000e\000n\000t\000s}{section.6}% 17
\BOOKMARK [3][]{section*.237}{\376\377\000E\000t\000h\000i\000c\000a\000l\000\040\000A\000p\000p\000r\000o\000v\000a\000l}{section*.234}% 18
\BOOKMARK [4][]{section*.238}{\376\377\000F\000u\000n\000d\000i\000n\000g}{section*.237}% 19
\BOOKMARK [5][]{section*.239}{\376\377\000A\000v\000a\000i\000l\000a\000b\000i\000l\000i\000t\000y\000\040\000o\000f\000\040\000d\000a\000t\000a\000\040\000a\000n\000d\000\040\000m\000a\000t\000e\000r\000i\000a\000l\000s}{section*.238}% 20
